
> illustrated-wiki@0.1.0 build
> next build

   Γû▓ Next.js 15.5.12

   Creating an optimized production build ...
 Γ£ô Compiled successfully in 20.3s
   Skipping linting
   Checking validity of types ...
node.exe : Failed to compile.
At line:1 char:1
+ & "C:\Program 
Files\nodejs/node.exe" 
"C:\Program 
Files\nodejs/node_mo ...
+ ~~~~~~~~~~~~~~~~~~~~~~~~~~~
~~~~~~~~~~~~~~~~~~~~~~~~~~~~~
~~~~~~~~~~~~~
    + CategoryInfo           
   : NotSpecified: (Failed   
  to compile.:String) [],    
 RemoteException
    + FullyQualifiedErrorId  
   : NativeCommandError
 

./components/simulations/phys
ics/FundamentalForcesSimulati
on.tsx:88:22
Type error: Expected 1 
arguments, but got 0.

[0m [90m 86 |[39m   
[36mconst[39m 
[showVectors[33m,[39m 
setShowVectors] [33m=[39m u
seState([36mtrue[39m)[33m;
[39m
 [90m 87 |[39m   
[36mconst[39m canvasRef 
[33m=[39m useRef[33m<[39m
[33mHTMLCanvasElement[39m[
33m>[39m([36mnull[39m)[33
m;[39m
[31m[1m>[22m[39m[90m 88 
|[39m   [36mconst[39m 
requestRef [33m=[39m useRef
[33m<[39m[33mnumber[39m[
33m>[39m()[33m;[39m
 [90m    |[39m             
         [31m[1m^[22m[39m
 [90m 89 |[39m   
[36mconst[39m timeRef 
[33m=[39m useRef[33m<[39m
[33mnumber[39m[33m>[39m(
[35m0[39m)[33m;[39m
 [90m 90 |[39m
 [90m 91 |[39m   [90m// 
Derived Values[39m[0m
Next.js build worker exited 
with code: 1 and signal: null
